../Drivers/CMSIS/Include/core_cm0.h:623:22:__NVIC_EnableIRQ	16	static
../Drivers/CMSIS/Include/core_cm0.h:659:22:__NVIC_DisableIRQ	16	static,ignoring_inline_asm
../Drivers/CMSIS/Include/core_cm0.h:730:22:__NVIC_SetPriority	24	static
../Drivers/CMSIS/Include/core_cm0.h:920:26:SysTick_Config	16	static
../Libraries/BML_DRIVERS/Src/BML_DRIVER.c:35:10:map	24	static
../Libraries/BML_DRIVERS/Src/BML_DRIVER.c:41:6:gpio_clk_en	16	static
../Libraries/BML_DRIVERS/Src/BML_DRIVER.c:57:6:gpio_config	24	static
../Libraries/BML_DRIVERS/Src/BML_DRIVER.c:82:6:gpio_moder	24	static
../Libraries/BML_DRIVERS/Src/BML_DRIVER.c:86:6:gpio_speed	24	static
../Libraries/BML_DRIVERS/Src/BML_DRIVER.c:90:6:gpio_PUPD	24	static
../Libraries/BML_DRIVERS/Src/BML_DRIVER.c:93:6:gpio_PHPL_OD	24	static
../Libraries/BML_DRIVERS/Src/BML_DRIVER.c:97:6:gpio_altfn	24	static
../Libraries/BML_DRIVERS/Src/BML_DRIVER.c:109:6:gpio_write	24	static
../Libraries/BML_DRIVERS/Src/BML_DRIVER.c:117:6:gpio_toggle	16	static
../Libraries/BML_DRIVERS/Src/BML_DRIVER.c:121:9:gpio_read	24	static
../Libraries/BML_DRIVERS/Src/BML_DRIVER.c:129:6:gpio_IT_config	24	static
../Libraries/BML_DRIVERS/Src/BML_DRIVER.c:347:6:gpio_IT_EN	16	static
../Libraries/BML_DRIVERS/Src/BML_DRIVER.c:352:6:gpio_IT_DI	16	static
../Libraries/BML_DRIVERS/Src/BML_DRIVER.c:357:6:gpio_IT_SW	16	static
../Libraries/BML_DRIVERS/Src/BML_DRIVER.c:361:9:gpio_IT_CHK	16	static
../Libraries/BML_DRIVERS/Src/BML_DRIVER.c:369:6:gpio_IT_CLR	16	static
../Libraries/BML_DRIVERS/Src/BML_DRIVER.c:385:6:timer_config	16	static
../Libraries/BML_DRIVERS/Src/BML_DRIVER.c:413:6:timer_EN	16	static
../Libraries/BML_DRIVERS/Src/BML_DRIVER.c:417:6:timer_DI	16	static
../Libraries/BML_DRIVERS/Src/BML_DRIVER.c:421:6:timer6_7_CR1	24	static
../Libraries/BML_DRIVERS/Src/BML_DRIVER.c:437:6:timer_EVENT	16	static
../Libraries/BML_DRIVERS/Src/BML_DRIVER.c:441:10:timer_cnt_val	24	static
../Libraries/BML_DRIVERS/Src/BML_DRIVER.c:446:6:timer_IT_EN	16	static
../Libraries/BML_DRIVERS/Src/BML_DRIVER.c:450:6:ticks_timer	16	static
../Libraries/BML_DRIVERS/Src/BML_DRIVER.c:460:10:ticks_val	8	static
../Libraries/BML_DRIVERS/Src/BML_DRIVER.c:463:6:ticks_reset	8	static
../Libraries/BML_DRIVERS/Src/BML_DRIVER.c:466:6:TIM6_DAC_IRQHandler	8	static
../Libraries/BML_DRIVERS/Src/BML_DRIVER.c:471:6:delay_ms	16	static
../Libraries/BML_DRIVERS/Src/BML_DRIVER.c:489:6:sysDelayInit	8	static
../Libraries/BML_DRIVERS/Src/BML_DRIVER.c:493:6:sysDelay	16	static
../Libraries/BML_DRIVERS/Src/BML_DRIVER.c:498:6:sysDelayReset	8	static
../Libraries/BML_DRIVERS/Src/BML_DRIVER.c:502:10:sysDelayVal	8	static
../Libraries/BML_DRIVERS/Src/BML_DRIVER.c:506:6:sysIncrementTicks	8	static
