../Drivers/CMSIS/Include/core_cm0.h:623:22:__NVIC_EnableIRQ	16	static
../Drivers/CMSIS/Include/core_cm0.h:659:22:__NVIC_DisableIRQ	16	static,ignoring_inline_asm
../Drivers/CMSIS/Include/core_cm0.h:730:22:__NVIC_SetPriority	24	static
../Drivers/CMSIS/Include/core_cm0.h:920:26:SysTick_Config	16	static
../Libraries/BML_DRIVERS/Src/BML_DRIVER.c:35:10:map	24	static
../Libraries/BML_DRIVERS/Src/BML_DRIVER.c:41:6:gpio_clk_en	16	static
../Libraries/BML_DRIVERS/Src/BML_DRIVER.c:57:6:gpio_config	24	static
../Libraries/BML_DRIVERS/Src/BML_DRIVER.c:82:6:gpio_moder	24	static
../Libraries/BML_DRIVERS/Src/BML_DRIVER.c:86:6:gpio_speed	24	static
../Libraries/BML_DRIVERS/Src/BML_DRIVER.c:90:6:gpio_PUPD	24	static
../Libraries/BML_DRIVERS/Src/BML_DRIVER.c:93:6:gpio_PHPL_OD	24	static
../Libraries/BML_DRIVERS/Src/BML_DRIVER.c:97:6:gpio_altfn	24	static
../Libraries/BML_DRIVERS/Src/BML_DRIVER.c:109:6:gpio_write	24	static
../Libraries/BML_DRIVERS/Src/BML_DRIVER.c:117:6:gpio_toggle	16	static
../Libraries/BML_DRIVERS/Src/BML_DRIVER.c:121:9:gpio_read	24	static
../Libraries/BML_DRIVERS/Src/BML_DRIVER.c:129:6:gpio_IT_config	24	static
../Libraries/BML_DRIVERS/Src/BML_DRIVER.c:347:6:gpio_IT_EN	16	static
../Libraries/BML_DRIVERS/Src/BML_DRIVER.c:352:6:gpio_IT_DI	16	static
../Libraries/BML_DRIVERS/Src/BML_DRIVER.c:357:6:gpio_IT_SW	16	static
../Libraries/BML_DRIVERS/Src/BML_DRIVER.c:361:9:gpio_IT_CHK	16	static
../Libraries/BML_DRIVERS/Src/BML_DRIVER.c:369:6:gpio_IT_CLR	16	static
../Libraries/BML_DRIVERS/Src/BML_DRIVER.c:379:6:print	16	static
../Libraries/BML_DRIVERS/Src/BML_DRIVER.c:396:6:uart_print_config	24	static
../Libraries/BML_DRIVERS/Src/BML_DRIVER.c:416:6:timer_config	16	static
../Libraries/BML_DRIVERS/Src/BML_DRIVER.c:444:6:timer_EN	16	static
../Libraries/BML_DRIVERS/Src/BML_DRIVER.c:448:6:timer_DI	16	static
../Libraries/BML_DRIVERS/Src/BML_DRIVER.c:452:6:timer6_7_CR1	24	static
../Libraries/BML_DRIVERS/Src/BML_DRIVER.c:468:6:timer_EVENT	16	static
../Libraries/BML_DRIVERS/Src/BML_DRIVER.c:472:10:timer_cnt_val	24	static
../Libraries/BML_DRIVERS/Src/BML_DRIVER.c:477:6:timer_IT_EN	16	static
../Libraries/BML_DRIVERS/Src/BML_DRIVER.c:481:6:ticks_timer	16	static
../Libraries/BML_DRIVERS/Src/BML_DRIVER.c:491:10:ticks_val	8	static
../Libraries/BML_DRIVERS/Src/BML_DRIVER.c:494:6:ticks_reset	8	static
../Libraries/BML_DRIVERS/Src/BML_DRIVER.c:497:6:TIM6_DAC_IRQHandler	8	static
../Libraries/BML_DRIVERS/Src/BML_DRIVER.c:502:6:delay_ms	16	static
../Libraries/BML_DRIVERS/Src/BML_DRIVER.c:520:6:sysDelayInit	8	static
../Libraries/BML_DRIVERS/Src/BML_DRIVER.c:524:6:sysDelay	16	static
../Libraries/BML_DRIVERS/Src/BML_DRIVER.c:529:6:sysDelayReset	8	static
../Libraries/BML_DRIVERS/Src/BML_DRIVER.c:533:10:sysDelayVal	8	static
../Libraries/BML_DRIVERS/Src/BML_DRIVER.c:537:6:sysIncrementTicks	8	static
../Libraries/BML_DRIVERS/Src/BML_DRIVER.c:552:6:adc_calib	8	static
../Libraries/BML_DRIVERS/Src/BML_DRIVER.c:567:6:adc_ready	8	static
../Libraries/BML_DRIVERS/Src/BML_DRIVER.c:582:6:adc_clk_config	8	static
../Libraries/BML_DRIVERS/Src/BML_DRIVER.c:590:6:adc_sample_time	16	static
../Libraries/BML_DRIVERS/Src/BML_DRIVER.c:593:6:adc_en	8	static
../Libraries/BML_DRIVERS/Src/BML_DRIVER.c:598:6:adc_read	24	static
../Libraries/BML_DRIVERS/Src/BML_DRIVER.c:609:6:adc_start	8	static
../Libraries/BML_DRIVERS/Src/BML_DRIVER.c:612:6:adc_stop	8	static
../Libraries/BML_DRIVERS/Src/BML_DRIVER.c:615:6:adc_disable	8	static
../Libraries/BML_DRIVERS/Src/BML_DRIVER.c:627:6:adc_chsel	16	static
../Libraries/BML_DRIVERS/Src/BML_DRIVER.c:688:6:adc_config	24	static
../Libraries/BML_DRIVERS/Src/BML_DRIVER.c:710:6:adc_IT_config	16	static
../Libraries/BML_DRIVERS/Src/BML_DRIVER.c:866:6:USART_INIT	40	static
../Libraries/BML_DRIVERS/Src/BML_DRIVER.c:880:6:USART_IT_EN	24	static
../Libraries/BML_DRIVERS/Src/BML_DRIVER.c:901:6:USART_CLK_EN	16	static
../Libraries/BML_DRIVERS/Src/BML_DRIVER.c:913:6:USART_PIN_CONFIG	32	static
../Libraries/BML_DRIVERS/Src/BML_DRIVER.c:971:6:USART_BDR_SEL	24	static
../Libraries/BML_DRIVERS/Src/BML_DRIVER.c:981:6:USART_WRITE	32	static
../Libraries/BML_DRIVERS/Src/BML_DRIVER.c:994:9:USART_READ	24	static
../Libraries/BML_DRIVERS/Src/BML_DRIVER.c:1005:6:RCC_CONFIG_48MHZ	88	static
